Sat Dec 27 17:25:42 SGT 2025 : Apache Derby Network Server - 10.10.2.0 - (1582446) started and ready to accept connections on port 1527
----------------------------------------------------------------
Sat Dec 27 17:26:39 SGT 2025:
Booting Derby version The Apache Software Foundation - Apache Derby - 10.10.2.0 - (1582446): instance a816c00e-019b-5f20-c95b-ffffe82ddebd 
on database directory C:\Users\aliff\AppData\Roaming\NetBeans\Derby\StudentProfileDB with class loader sun.misc.Launcher$AppClassLoader@1d44bcfa 
Loaded from file:/C:/Program%20Files/glassfish-4.1.1/javadb/lib/derby.jar
java.vendor=Oracle Corporation
java.runtime.version=1.8.0_202-b08
user.dir=C:\Program Files\glassfish-4.1.1\javadb
os.name=Windows 10
os.arch=amd64
os.version=10.0
derby.system.home=C:\Users\aliff\AppData\Roaming\NetBeans\Derby
Database Class Loader started - derby.database.classpath=''
----------------------------------------------------------------
Sat Dec 27 17:28:45 SGT 2025: Shutting down Derby engine
----------------------------------------------------------------
Sat Dec 27 17:28:45 SGT 2025:
Shutting down instance a816c00e-019b-5f20-c95b-ffffe82ddebd on database directory C:\Users\aliff\AppData\Roaming\NetBeans\Derby\StudentProfileDB with class loader sun.misc.Launcher$AppClassLoader@1d44bcfa 
----------------------------------------------------------------
